// Jest Snapshot v1, https://goo.gl/fbAQLP

exports[`When the Footer component is created should render correctly 1`] = `
<div
  className="footer"
/>
`;
